../Core/Src/main.c:86:5:main	24	static
../Core/Src/main.c:195:6:SystemClock_Config	88	static
../Core/Src/main.c:242:13:MX_ADC1_Init	24	static
../Core/Src/main.c:294:13:MX_TIM4_Init	64	static
../Core/Src/main.c:362:13:MX_USART2_UART_Init	8	static
../Core/Src/main.c:395:13:MX_GPIO_Init	48	static
../Core/Src/main.c:443:8:HAL_TIM_PeriodElapsedCallback	16	static
../Core/Src/main.c:459:8:HAL_GPIO_EXTI_Callback	16	static
../Core/Src/main.c:501:3:__io_putchar	16	static
../Core/Src/main.c:510:8:HAL_ADC_ConvCpltCallback	24	static
../Core/Src/main.c:530:6:Error_Handler	4	static,ignoring_inline_asm
